\BOOKMARK [1][-]{section.1}{1. Title \046 Abstract}{}% 1
\BOOKMARK [2][-]{subsection.1.1}{Title Options}{section.1}% 2
\BOOKMARK [2][-]{subsection.1.2}{Abstract \(150\205250 words\)}{section.1}% 3
\BOOKMARK [1][-]{section.2}{2. Introduction}{}% 4
\BOOKMARK [2][-]{subsection.2.1}{2.1 Motivation \046 Context \(1 page\)}{section.2}% 5
\BOOKMARK [2][-]{subsection.2.2}{2.2 Limitations of Prior Work}{section.2}% 6
\BOOKMARK [2][-]{subsection.2.3}{2.3 Contributions}{section.2}% 7
\BOOKMARK [1][-]{section.3}{3. Background}{}% 8
\BOOKMARK [2][-]{subsection.3.1}{3.1 Electromagnetic Simulation of Photonic Devices}{section.3}% 9
\BOOKMARK [2][-]{subsection.3.2}{3.2 Conditional Flow Matching}{section.3}% 10
\BOOKMARK [2][-]{subsection.3.3}{3.3 Physics-Informed Neural Networks}{section.3}% 11
\BOOKMARK [1][-]{section.4}{4. Method}{}% 12
\BOOKMARK [2][-]{subsection.4.1}{4.1 Problem Formulation}{section.4}% 13
\BOOKMARK [2][-]{subsection.4.2}{4.2 Complex-Valued Physics UNet}{section.4}% 14
\BOOKMARK [2][-]{subsection.4.3}{4.3 Flow Matching Formulation}{section.4}% 15
\BOOKMARK [2][-]{subsection.4.4}{4.4 Physics-Constrained Losses}{section.4}% 16
\BOOKMARK [3][-]{subsubsection.4.4.1}{4.4.1 Helmholtz Residual Loss}{subsection.4.4}% 17
\BOOKMARK [3][-]{subsubsection.4.4.2}{4.4.2 S-Parameter Loss}{subsection.4.4}% 18
\BOOKMARK [3][-]{subsubsection.4.4.3}{4.4.3 Endpoint Loss}{subsection.4.4}% 19
\BOOKMARK [2][-]{subsection.4.5}{4.5 Multi-Loss Curriculum Training}{section.4}% 20
\BOOKMARK [2][-]{subsection.4.6}{4.6 Data Augmentation}{section.4}% 21
\BOOKMARK [1][-]{section.5}{5. Dataset}{}% 22
\BOOKMARK [2][-]{subsection.5.1}{5.1 Device Types}{section.5}% 23
\BOOKMARK [2][-]{subsection.5.2}{5.2 FDTD Simulation Setup}{section.5}% 24
\BOOKMARK [2][-]{subsection.5.3}{5.3 Dataset Statistics}{section.5}% 25
\BOOKMARK [1][-]{section.6}{6. Experiments}{}% 26
\BOOKMARK [2][-]{subsection.6.1}{6.1 Training Setup}{section.6}% 27
\BOOKMARK [2][-]{subsection.6.2}{6.2 Baselines}{section.6}% 28
\BOOKMARK [2][-]{subsection.6.3}{6.3 Evaluation Metrics}{section.6}% 29
\BOOKMARK [2][-]{subsection.6.4}{6.4 Results}{section.6}% 30
\BOOKMARK [3][-]{subsubsection.6.4.1}{6.4.1 Field Prediction Quality}{subsection.6.4}% 31
\BOOKMARK [3][-]{subsubsection.6.4.2}{6.4.2 Physics Compliance}{subsection.6.4}% 32
\BOOKMARK [3][-]{subsubsection.6.4.3}{6.4.3 S-Parameter Accuracy}{subsection.6.4}% 33
\BOOKMARK [3][-]{subsubsection.6.4.4}{6.4.4 Ablation Studies}{subsection.6.4}% 34
\BOOKMARK [3][-]{subsubsection.6.4.5}{6.4.5 Computational Efficiency}{subsection.6.4}% 35
\BOOKMARK [1][-]{section.7}{7. Discussion}{}% 36
\BOOKMARK [1][-]{section.8}{8. Related Work}{}% 37
\BOOKMARK [1][-]{section.9}{9. Conclusion}{}% 38
\BOOKMARK [1][-]{section.10}{10. Appendix \(Supplementary Material\)}{}% 39
