\BOOKMARK [1][-]{section.1}{Introduction}{}% 1
\BOOKMARK [1][-]{section.2}{Background}{}% 2
\BOOKMARK [2][-]{subsection.2.1}{Electromagnetic Simulation of Photonic Devices}{section.2}% 3
\BOOKMARK [2][-]{subsection.2.2}{Conditional Flow Matching}{section.2}% 4
\BOOKMARK [1][-]{section.3}{Method}{}% 5
\BOOKMARK [2][-]{subsection.3.1}{Problem Formulation}{section.3}% 6
\BOOKMARK [2][-]{subsection.3.2}{Complex-Valued Physics U-Net}{section.3}% 7
\BOOKMARK [3][-]{subsubsection.3.2.1}{Architecture Overview}{subsection.3.2}% 8
\BOOKMARK [3][-]{subsubsection.3.2.2}{Complex Convolutions}{subsection.3.2}% 9
\BOOKMARK [3][-]{subsubsection.3.2.3}{ModReLU Activation}{subsection.3.2}% 10
\BOOKMARK [3][-]{subsubsection.3.2.4}{Complex Group Normalization}{subsection.3.2}% 11
\BOOKMARK [3][-]{subsubsection.3.2.5}{Complex Self-Attention}{subsection.3.2}% 12
\BOOKMARK [3][-]{subsubsection.3.2.6}{Timestep Conditioning}{subsection.3.2}% 13
\BOOKMARK [3][-]{subsubsection.3.2.7}{Physics Feature Embedding}{subsection.3.2}% 14
\BOOKMARK [2][-]{subsection.3.3}{Training Objective}{section.3}% 15
\BOOKMARK [3][-]{subsubsection.3.3.1}{Flow Matching Loss}{subsection.3.3}% 16
\BOOKMARK [3][-]{subsubsection.3.3.2}{Helmholtz Residual Loss}{subsection.3.3}% 17
\BOOKMARK [3][-]{subsubsection.3.3.3}{Endpoint Loss}{subsection.3.3}% 18
\BOOKMARK [3][-]{subsubsection.3.3.4}{S-Parameter Loss}{subsection.3.3}% 19
\BOOKMARK [2][-]{subsection.3.4}{Multi-Loss Curriculum}{section.3}% 20
\BOOKMARK [2][-]{subsection.3.5}{Inference}{section.3}% 21
\BOOKMARK [2][-]{subsection.3.6}{Data Augmentation}{section.3}% 22
\BOOKMARK [1][-]{section.4}{Dataset}{}% 23
\BOOKMARK [2][-]{subsection.4.1}{Device Types}{section.4}% 24
\BOOKMARK [2][-]{subsection.4.2}{FDTD Simulation}{section.4}% 25
\BOOKMARK [2][-]{subsection.4.3}{Sampling and Splitting}{section.4}% 26
\BOOKMARK [2][-]{subsection.4.4}{Phase Anchoring}{section.4}% 27
\BOOKMARK [1][-]{section.5}{Experiments}{}% 28
\BOOKMARK [2][-]{subsection.5.1}{Training Configuration}{section.5}% 29
\BOOKMARK [2][-]{subsection.5.2}{Baselines and Ablations}{section.5}% 30
\BOOKMARK [2][-]{subsection.5.3}{Evaluation Metrics}{section.5}% 31
\BOOKMARK [2][-]{subsection.5.4}{Results}{section.5}% 32
\BOOKMARK [1][-]{section.6}{Discussion}{}% 33
\BOOKMARK [1][-]{section.7}{Related Work}{}% 34
\BOOKMARK [1][-]{section.8}{Conclusion}{}% 35
\BOOKMARK [1][-]{appendix.A}{Architecture Details}{}% 36
\BOOKMARK [1][-]{appendix.B}{Training Hyperparameters}{}% 37
\BOOKMARK [1][-]{appendix.C}{Device Parameter Ranges}{}% 38
